---------------
print_dominates
a	b
===============
192.168.0.0/16	192.168.0.1/32
10.0.0.0/8	10.0.0.0/10
10.0.0.0/8	10.1.0.0/10
===============
---------------
print_cidr
c
===============
192.168.0.1/32
192.168.0.0/16
10.0.0.0/8
10.0.0.0/10
10.1.0.0/10
===============
